../Drivers/CMSIS/Include/core_cm3.h:1762:34:__NVIC_SystemReset	4	static,ignoring_inline_asm
../Core/Src/main.c:182:9:LoRa_ReadReg	24	static
../Core/Src/main.c:192:6:LoRa_WriteReg	24	static
../Core/Src/main.c:199:6:LoRa_Init	48	static
../Core/Src/main.c:256:6:LoRa_SetMode	16	static
../Core/Src/main.c:260:9:LoRa_Send	40	static
../Core/Src/main.c:298:9:LoRa_Receive	40	static
../Core/Src/main.c:316:6:DebugPrint	144	static
../Core/Src/main.c:328:6:Queue_Push	24	static
../Core/Src/main.c:341:5:Queue_Pop	24	static
../Core/Src/main.c:355:7:GetInternalVoltage	16	static
../Core/Src/main.c:366:6:SendTelemetry	240	static
../Core/Src/main.c:382:6:HAL_GPIO_EXTI_Callback	16	static
../Core/Src/main.c:391:9:LoRa_IsAlive	24	static
../Core/Src/main.c:402:6:Update_Reset_Counter	16	static
../Core/Src/main.c:427:5:main	832	static
../Core/Src/main.c:727:6:SystemClock_Config	88	static
../Core/Src/main.c:773:13:MX_ADC1_Init	24	static
../Core/Src/main.c:820:13:MX_IWDG_Init	8	static
../Core/Src/main.c:848:13:MX_RTC_Init	16	static
../Core/Src/main.c:906:13:MX_SPI1_Init	8	static
../Core/Src/main.c:944:13:MX_USART1_UART_Init	8	static
../Core/Src/main.c:977:13:MX_GPIO_Init	40	static
../Core/Src/main.c:1049:6:Error_Handler	4	static,ignoring_inline_asm
